
================================================================================
Run pipeline
Log file: C:\Users\mark\kara-creator\outputs\launcher-logs\20260510-160713-let_it_go-Run_pipeline.log
C:\Users\mark\miniconda3\envs\aligner-win\python.exe C:\Users\mark\kara-creator\tools\run_lyrics_aligner_pipeline.py --audio "E:/Downloads/Temp/New folder/3_1-05 Let It Go_(Vocals).mp3" --lyrics C:\Users\mark\kara-creator\incoming\let_it_go\lyrics.txt --name let_it_go --aligner-dir C:\Users\mark\kara-creator\alignment_lab\singing-aligners\lyrics-aligner --vad-threshold 0.2

Running model on CPU.
Processing let_it_go.mp3 ...
Done.

Lyrics-aligner word review JSON created.
Output: C:\Users\mark\kara-creator\outputs\let_it_go-word-review-lyrics-aligner.json

Sections:      11
Display lines: 43
Lyric lines:   40
Instrumentals: 3
Words:         276
Warnings:      0


Karaoke draft created from singing-aligner word starts.
Output: C:\Users\mark\kara-creator\outputs\let_it_go-draft-lyrics-aligner-v3.json

Sections:                 11
Display lines:            43
Lyric lines:              40
Instrumentals:            3
Auto-adjusted lines:      2
Repeated-phrase rescues:  0
Repeated final-word rescues: 0
Instrumental line rescues: 0
Late next-line rescues:    2
Audio line-end status:     ok
Audio-estimated endings:   2
Audio-end fallbacks:       0
Audio-end skipped by scope: 38
Low-confidence phrase corrections: 3
Phrase-adjusted next starts: 3
Review flags:             37

Review flags:
- Section 1 | line-0001 | instrumental_at_start_needs_review | . . .
- Section 1 | line-0001 | instrumental_timing_needs_review | . . .
- Section 2 | line-0002 | late_anchor_rescue_skipped_after_instrumental_placeholder | The snow glows white on the mountain tonight
- Section 2 | line-0004 | very_short_display_duration_needs_review | A kingdom of isolation
- Section 2 | line-0005 | large_internal_word_gap_needs_review | And it looks like I'm the queen
- Section 2 | line-0005 | late_next_line_anchor_rescue_applied_needs_review | And it looks like I'm the queen
- Section 2 | line-0005 | low_confidence_internal_alignment_audio_boundary_used_needs_review | And it looks like I'm the queen
- Section 2 | line-0005 | very_short_display_duration_needs_review | And it looks like I'm the queen
- Section 2 | line-0006 | line_start_adjusted_after_low_confidence_phrase_boundary_needs_review | The wind is howling like this swirling storm inside
- Section 2 | line-0007 | long_tail_after_last_word_needs_review | Couldn't keep it in, heaven knows I tried
- Section 3 | line-0008 | first_word_anchor_suspect | Don't let them in, don't let them see
- Section 3 | line-0008 | large_internal_word_gap_needs_review | Don't let them in, don't let them see
- Section 3 | line-0008 | line_start_auto_adjusted_needs_review | Don't let them in, don't let them see
- Section 3 | line-0008 | low_confidence_internal_alignment_needs_review | Don't let them in, don't let them see
- Section 5 | line-0019 | instrumental_shorter_than_preferred_needs_review | . . .
- Section 5 | line-0019 | instrumental_timing_needs_review | . . .
- Section 6 | line-0020 | late_anchor_rescue_skipped_after_instrumental_placeholder | It's funny how some distance makes everything seem small
- Section 6 | line-0020 | repeated_phrase_rescue_skipped_after_instrumental_placeholder | It's funny how some distance makes everything seem small
- Section 7 | line-0027 | line_start_shifted_to_preserve_word_order_needs_review | I am one with the wind and sky
- Section 7 | line-0030 | large_internal_word_gap_needs_review | Here I stand and here I stay
- Section 8 | line-0032 | instrumental_timing_needs_review | . . .
- Section 9 | line-0033 | first_word_anchor_suspect | My power flurries through the air into the ground
- Section 9 | line-0033 | large_internal_word_gap_needs_review | My power flurries through the air into the ground
- Section 9 | line-0033 | late_anchor_rescue_skipped_after_instrumental_placeholder | My power flurries through the air into the ground
- Section 9 | line-0033 | line_start_auto_adjusted_needs_review | My power flurries through the air into the ground
- Section 9 | line-0033 | low_confidence_internal_alignment_needs_review | My power flurries through the air into the ground
- Section 9 | line-0033 | repeated_phrase_rescue_skipped_after_instrumental_placeholder | My power flurries through the air into the ground
- Section 9 | line-0035 | large_internal_word_gap_needs_review | And one thought crystallises like an icy blast
- Section 9 | line-0036 | large_internal_word_gap_needs_review | I'm never going back, the past is in the past
- Section 9 | line-0036 | low_confidence_internal_alignment_audio_boundary_used_needs_review | I'm never going back, the past is in the past
- Section 10 | line-0037 | line_start_adjusted_after_low_confidence_phrase_boundary_needs_review | Let it go, let it go
- Section 10 | line-0038 | line_start_shifted_to_preserve_word_order_needs_review | And I'll rise like the break of dawn
- Section 10 | line-0040 | line_start_shifted_to_preserve_word_order_needs_review | That perfect girl is gone
- Section 10 | line-0042 | large_internal_word_gap_needs_review | Let the storm rage on
- Section 10 | line-0042 | late_next_line_anchor_rescue_applied_needs_review | Let the storm rage on
- Section 10 | line-0042 | low_confidence_internal_alignment_audio_boundary_used_needs_review | Let the storm rage on
- Section 11 | line-0043 | line_start_adjusted_after_low_confidence_phrase_boundary_needs_review | The cold never bothered me anyway


Prepared song files.
Run folder:    C:\Users\mark\kara-creator\alignment_lab\runs\let_it_go
Clean audio:   C:\Users\mark\kara-creator\alignment_lab\runs\let_it_go\audio\let_it_go.mp3
Clean lyrics:  C:\Users\mark\kara-creator\alignment_lab\runs\let_it_go\lyrics\let_it_go.txt
Line map:      C:\Users\mark\kara-creator\alignment_lab\runs\let_it_go\let_it_go-line-map.json
Manifest:      C:\Users\mark\kara-creator\alignment_lab\runs\let_it_go\let_it_go-run-manifest.json
Custom pronunciations loaded: 9
Display lines: 43
Lyric lines sent to aligner: 40
Instrumental placeholders: 3
lyrics-aligner VAD threshold: 0.2
Detected first vocal start: 13.65
Vocal detection threshold: -34.67 dBFS
Previous aligner files removed: 4

Running:
C:\Users\mark\miniconda3\envs\aligner-win\python.exe make_word_list.py C:\Users\mark\kara-creator\alignment_lab\runs\let_it_go\lyrics --dataset-name kara_let_it_go


Running:
C:\Users\mark\miniconda3\envs\aligner-win\python.exe make_word2phoneme_dict.py --dataset-name kara_let_it_go


Running:
C:\Users\mark\miniconda3\envs\aligner-win\python.exe align.py C:\Users\mark\kara-creator\alignment_lab\runs\let_it_go\audio C:\Users\mark\kara-creator\alignment_lab\runs\let_it_go\lyrics --lyrics-format w --onsets w --dataset-name kara_let_it_go --vad-threshold 0.2


Vocal-start correction status: aligner_start_not_early_enough_to_correct

Running:
C:\Users\mark\miniconda3\envs\aligner-win\python.exe C:\Users\mark\kara-creator\tools\convert_lyrics_aligner_to_word_review_json.py --aligner-output C:\Users\mark\kara-creator\alignment_lab\singing-aligners\lyrics-aligner\outputs\kara_let_it_go\word_onsets\let_it_go.txt --line-map C:\Users\mark\kara-creator\alignment_lab\runs\let_it_go\let_it_go-line-map.json --out C:\Users\mark\kara-creator\outputs\let_it_go-word-review-lyrics-aligner.json


Running:
C:\Users\mark\miniconda3\envs\aligner-win\python.exe C:\Users\mark\kara-creator\tools\build_karaoke_draft_from_word_starts.py --word-review C:\Users\mark\kara-creator\outputs\let_it_go-word-review-lyrics-aligner.json --out C:\Users\mark\kara-creator\outputs\let_it_go-draft-lyrics-aligner-v3.json


Done.

Word review JSON: C:\Users\mark\kara-creator\outputs\let_it_go-word-review-lyrics-aligner.json
Draft JSON:       C:\Users\mark\kara-creator\outputs\let_it_go-draft-lyrics-aligner-v3.json

Open the editor and load:
Audio: C:\Users\mark\kara-creator\alignment_lab\runs\let_it_go\audio\let_it_go.mp3
JSON:  C:\Users\mark\kara-creator\outputs\let_it_go-draft-lyrics-aligner-v3.json


Finished successfully in 57.0s.
